// Jest Snapshot v1, https://goo.gl/fbAQLP

exports[`PaginationNav should match snapshot 1`] = `
<div
  className="icon-button icon-button--disabled heading-class"
  data-testid="icon-button-test-id"
  onClick={[MockFunction]}
>
  <div>
    contents
  </div>
</div>
`;
